00:00:00.004326 main     VirtualBox COM Server 7.1.8 r168469 win.amd64 (Apr 11 2025 16:45:31) release log
00:00:00.004328 main     Log opened 2025-05-05T06:59:11.899888500Z
00:00:00.004329 main     Build Type: release
00:00:00.004335 main     OS Product: Windows 10
00:00:00.004336 main     OS Release: 10.0.19045
00:00:00.004337 main     OS Service Pack: 
00:00:00.041870 main     DMI Product Name: MaiBook M
00:00:00.060045 main     DMI Product Version: 1
00:00:00.060066 main     Firmware type: UEFI
00:00:00.060973 main     Secure Boot: Disabled
00:00:00.060998 main     Host RAM: 15741MB (15.3GB) total, 12819MB (12.5GB) available
00:00:00.061008 main     Executable: C:\Program Files\Oracle\VirtualBox\VBoxSVC.exe
00:00:00.061009 main     Process ID: 9844
00:00:00.061010 main     Package type: WINDOWS_64BITS_GENERIC
00:00:00.061015 main     Windows Features:
00:00:00.061015 main       Core Isolation (Memory Integrity): Not supported
00:00:00.173010          VirtualBox: object creation starts
00:00:00.173275          Home directory: 'C:\Users\Masyanya\.VirtualBox'
00:00:00.173464          Installed Drivers:
00:00:00.177336            C:\Windows\system32\DRIVERS\VBoxNetLwf.sys (Version: 7.1.8.18469)
00:00:00.178033            C:\Windows\System32\drivers\VBoxUSBMon.sys (Version: 7.1.8.18469)
00:00:00.178370            C:\Windows\System32\drivers\VBoxSup.sys (Version: 7.1.8.18469)
00:00:00.179072            C:\Windows\system32\DRIVERS\VBoxNetAdp6.sys (Version: 7.1.8.18469)
00:00:00.183211          Loading settings file "C:\Users\Masyanya\.VirtualBox\VirtualBox.xml" with version "1.12-windows"
00:00:00.185842          usbLibGetDevices: Starting USB device enumeration
00:00:00.186182          Getting USB descriptor (id 0) failed (dwErr=31) on hub USB#ROOT_HUB30#5&2f8a4307&0&0#{f18a0e88-c30c-11d0-8815-00a0c906bed8} port 4
00:00:00.206635          Getting USB descriptor (id 0) failed (dwErr=31) on hub USB#VID_214B&PID_7250#6&5354a81&0&1#{f18a0e88-c30c-11d0-8815-00a0c906bed8} port 4
00:00:00.206859          Getting USB descriptor (id 0) failed (dwErr=31) on hub USB#ROOT_HUB30#5&c88a0aa&0&0#{f18a0e88-c30c-11d0-8815-00a0c906bed8} port 3
00:00:00.206984          Getting USB descriptor (id 0) failed (dwErr=31) on hub USB#ROOT_HUB30#5&c88a0aa&0&0#{f18a0e88-c30c-11d0-8815-00a0c906bed8} port 4
00:00:00.210337          usbLibGetDevices: Found 6 USB devices, 0 captured
00:00:00.210399          USB: Unknown USB device detected (idVendor: 0x0408, idProduct: 0x50c0)
00:00:00.210471          USB: Unknown USB device detected (idVendor: 0x1908, idProduct: 0x0226)
00:00:00.210511          USB: Unknown USB device detected (idVendor: 0x8087, idProduct: 0x0aa7)
00:00:00.257260          HostDnsMonitor: initializing
00:00:00.267861          HostDnsMonitor: updating information
00:00:00.267901          HostDnsMonitor: old information
00:00:00.267902            no server entries
00:00:00.267903            no domain set
00:00:00.267903            no search string entries
00:00:00.267904          HostDnsMonitor: new information
00:00:00.267904            server 1: 192.168.3.1
00:00:00.267905            no domain set
00:00:00.267906            no search string entries
00:00:00.271750          VD: VDInit finished with VINF_SUCCESS
00:00:00.273733          Platform architecture set to 'x86'
00:00:00.274540          Loading settings file "C:\Users\Masyanya\VirtualBox VMs\VMBitrix9.0-6-CentOSStream9-VirtualBox\VMBitrix9.0-6-CentOSStream9-VirtualBox.vbox" with version "1.19-windows"
00:00:00.274992          Platform architecture set to 'x86'
00:00:00.275948          Platform architecture set to 'x86'
00:00:00.277975          Loading settings file "C:\Users\Masyanya\VirtualBox VMs\VMBitrix9.0-6-CentOSStream9-VirtualBox 1\VMBitrix9.0-6-CentOSStream9-VirtualBox 1.vbox" with version "1.19-windows"
00:00:00.278787          Platform architecture set to 'x86'
00:00:00.280769          VirtualBox: object created
00:00:00.513223          Saving settings file "C:\Users\Masyanya\.VirtualBox\VirtualBox.xml" with version "1.12-windows"
00:00:00.517347          Finished saving settings file "C:\Users\Masyanya\.VirtualBox\VirtualBox.xml"
00:00:00.517789          Saving settings file "C:\Users\Masyanya\.VirtualBox\VirtualBox.xml" with version "1.12-windows"
00:00:00.520553          Finished saving settings file "C:\Users\Masyanya\.VirtualBox\VirtualBox.xml"
00:00:00.520959          Saving settings file "C:\Users\Masyanya\.VirtualBox\VirtualBox.xml" with version "1.12-windows"
00:00:00.524851          Finished saving settings file "C:\Users\Masyanya\.VirtualBox\VirtualBox.xml"
00:00:01.736797          ERROR [COM]: aRC=VBOX_E_OBJECT_NOT_FOUND (0x80bb0001) aIID={5bfd8965-b81b-469f-8649-f717ce97a5d5} aComponent={NvramStoreWrap} aText={The UEFI NVRAM file is not existing for this machine}, preserve=false aResultDetail=0
00:00:01.913722          ERROR [COM]: aRC=VBOX_E_INVALID_VM_STATE (0x80bb0002) aIID={e36a5081-a82a-40bd-9e4e-42a44d6ce50f} aComponent={MachineWrap} aText={The machine is not mutable, saved or running (state is PoweredOff)}, preserve=false aResultDetail=0
00:00:22.062877          Launched VM: 845163856 pid: 10232 (0x27f8) frontend: GUI/Qt name: VMBitrix9.0-6-CentOSStream9-VirtualBox 1
00:00:22.138844          ERROR [COM]: aRC=VBOX_E_OBJECT_NOT_FOUND (0x80bb0001) aIID={5bfd8965-b81b-469f-8649-f717ce97a5d5} aComponent={NvramStoreWrap} aText={The UEFI NVRAM file is not existing for this machine}, preserve=false aResultDetail=0
00:00:22.169916          ERROR [COM]: aRC=VBOX_E_INVALID_VM_STATE (0x80bb0002) aIID={e36a5081-a82a-40bd-9e4e-42a44d6ce50f} aComponent={MachineWrap} aText={The machine is not mutable, saved or running (state is PoweredOff)}, preserve=false aResultDetail=0
00:00:27.789202          Platform architecture set to 'x86'
00:00:27.909303          ERROR [COM]: aRC=VBOX_E_OBJECT_NOT_FOUND (0x80bb0001) aIID={5bfd8965-b81b-469f-8649-f717ce97a5d5} aComponent={NvramStoreWrap} aText={The UEFI NVRAM file is not existing for this machine}, preserve=false aResultDetail=0
00:00:27.914140          ERROR [COM]: aRC=VBOX_E_INVALID_VM_STATE (0x80bb0002) aIID={e36a5081-a82a-40bd-9e4e-42a44d6ce50f} aComponent={MachineWrap} aText={The machine is not mutable, saved or running (state is PoweredOff)}, preserve=false aResultDetail=0
00:00:28.660962          ERROR [COM]: aRC=VBOX_E_OBJECT_NOT_FOUND (0x80bb0001) aIID={70401eef-c8e9-466b-9660-45cb3e9979e4} aComponent={ExtPackManagerWrap} aText={No extension pack by the name 'Oracle VirtualBox Extension Pack' was found}, preserve=false aResultDetail=0
00:00:28.738879          ERROR [COM]: aRC=E_FAIL (0x80004005) aIID={bea3ef5c-de2f-4b74-aa3a-15d6249371a0} aComponent={RecordingSettingsWrap} aText={Recording not started}, preserve=false aResultDetail=0
00:00:30.453416          ERROR [COM]: aRC=E_FAIL (0x80004005) aIID={bea3ef5c-de2f-4b74-aa3a-15d6249371a0} aComponent={RecordingSettingsWrap} aText={Recording not started}, preserve=false aResultDetail=0
00:00:30.463249          ERROR [COM]: aRC=VBOX_E_OBJECT_NOT_FOUND (0x80bb0001) aIID={5bfd8965-b81b-469f-8649-f717ce97a5d5} aComponent={NvramStoreWrap} aText={The UEFI NVRAM file is not existing for this machine}, preserve=false aResultDetail=0
00:00:30.467376          ERROR [COM]: aRC=VBOX_E_INVALID_VM_STATE (0x80bb0002) aIID={e36a5081-a82a-40bd-9e4e-42a44d6ce50f} aComponent={SessionMachine} aText={The machine is not mutable or saved (state is Starting)}, preserve=false aResultDetail=0
00:00:30.486126          ERROR [COM]: aRC=VBOX_E_INVALID_VM_STATE (0x80bb0002) aIID={e36a5081-a82a-40bd-9e4e-42a44d6ce50f} aComponent={MachineWrap} aText={The machine is not mutable, saved or running (state is Starting)}, preserve=false aResultDetail=0
00:00:30.709468          Saving settings file "C:\Users\Masyanya\VirtualBox VMs\VMBitrix9.0-6-CentOSStream9-VirtualBox 1\VMBitrix9.0-6-CentOSStream9-VirtualBox 1.vbox" with version "1.19-windows"
00:00:30.712303          Finished saving settings file "C:\Users\Masyanya\VirtualBox VMs\VMBitrix9.0-6-CentOSStream9-VirtualBox 1\VMBitrix9.0-6-CentOSStream9-VirtualBox 1.vbox"
00:00:30.724509          ERROR [COM]: aRC=VBOX_E_OBJECT_NOT_FOUND (0x80bb0001) aIID={5bfd8965-b81b-469f-8649-f717ce97a5d5} aComponent={NvramStoreWrap} aText={The UEFI NVRAM file is not existing for this machine}, preserve=false aResultDetail=0
00:00:30.729235          ERROR [COM]: aRC=VBOX_E_INVALID_VM_STATE (0x80bb0002) aIID={e36a5081-a82a-40bd-9e4e-42a44d6ce50f} aComponent={MachineWrap} aText={The machine is not mutable, saved or running (state is Starting)}, preserve=false aResultDetail=0
00:00:31.321554          ERROR [COM]: aRC=VBOX_E_OBJECT_NOT_FOUND (0x80bb0001) aIID={7d510820-a678-4730-a862-818dcd3fbed0} aComponent={MediumWrap} aText={Property 'CRYPT/KeyId' does not exist}, preserve=false aResultDetail=0
00:00:31.322352          HostDnsMonitorProxy::GetDomainName: no domain set
00:00:31.322447          HostDnsMonitorProxy::GetNameServers:
00:00:31.322461            name server 1: 192.168.3.1
00:00:31.322545          HostDnsMonitorProxy::GetSearchStrings:
00:00:31.322559            no search string entries
00:00:31.357035          ERROR [COM]: aRC=E_FAIL (0x80004005) aIID={bea3ef5c-de2f-4b74-aa3a-15d6249371a0} aComponent={RecordingSettingsWrap} aText={Recording not started}, preserve=false aResultDetail=0
00:00:31.392236          ERROR [COM]: aRC=VBOX_E_OBJECT_NOT_FOUND (0x80bb0001) aIID={5bfd8965-b81b-469f-8649-f717ce97a5d5} aComponent={NvramStoreWrap} aText={The UEFI NVRAM file is not existing for this machine}, preserve=false aResultDetail=0
00:00:31.414263          ERROR [COM]: aRC=VBOX_E_INVALID_VM_STATE (0x80bb0002) aIID={e36a5081-a82a-40bd-9e4e-42a44d6ce50f} aComponent={MachineWrap} aText={The machine is not mutable, saved or running (state is Running)}, preserve=false aResultDetail=0
00:00:34.462206          Saving settings file "C:\Users\Masyanya\VirtualBox VMs\VMBitrix9.0-6-CentOSStream9-VirtualBox 1\VMBitrix9.0-6-CentOSStream9-VirtualBox 1.vbox" with version "1.19-windows"
00:00:34.484490          Finished saving settings file "C:\Users\Masyanya\VirtualBox VMs\VMBitrix9.0-6-CentOSStream9-VirtualBox 1\VMBitrix9.0-6-CentOSStream9-VirtualBox 1.vbox"
00:00:34.495073          ERROR [COM]: aRC=VBOX_E_OBJECT_NOT_FOUND (0x80bb0001) aIID={5bfd8965-b81b-469f-8649-f717ce97a5d5} aComponent={NvramStoreWrap} aText={The UEFI NVRAM file is not existing for this machine}, preserve=false aResultDetail=0
00:00:34.508076          ERROR [COM]: aRC=VBOX_E_INVALID_VM_STATE (0x80bb0002) aIID={e36a5081-a82a-40bd-9e4e-42a44d6ce50f} aComponent={MachineWrap} aText={The machine is not mutable, saved or running (state is Running)}, preserve=false aResultDetail=0
00:00:51.241560          Saving settings file "C:\Users\Masyanya\VirtualBox VMs\VMBitrix9.0-6-CentOSStream9-VirtualBox 1\VMBitrix9.0-6-CentOSStream9-VirtualBox 1.vbox" with version "1.19-windows"
00:00:51.245131          Finished saving settings file "C:\Users\Masyanya\VirtualBox VMs\VMBitrix9.0-6-CentOSStream9-VirtualBox 1\VMBitrix9.0-6-CentOSStream9-VirtualBox 1.vbox"
00:00:51.255909          ERROR [COM]: aRC=VBOX_E_OBJECT_NOT_FOUND (0x80bb0001) aIID={5bfd8965-b81b-469f-8649-f717ce97a5d5} aComponent={NvramStoreWrap} aText={The UEFI NVRAM file is not existing for this machine}, preserve=false aResultDetail=0
00:00:51.265300          ERROR [COM]: aRC=VBOX_E_INVALID_VM_STATE (0x80bb0002) aIID={e36a5081-a82a-40bd-9e4e-42a44d6ce50f} aComponent={MachineWrap} aText={The machine is not mutable, saved or running (state is Running)}, preserve=false aResultDetail=0
00:01:22.840487 USBPROXY usbLibGetDevices: Starting USB device enumeration
00:01:22.840722 USBPROXY Getting USB descriptor (id 0) failed (dwErr=31) on hub USB#ROOT_HUB30#5&2f8a4307&0&0#{f18a0e88-c30c-11d0-8815-00a0c906bed8} port 4
00:01:22.857996 USBPROXY Getting USB descriptor (id 0) failed (dwErr=31) on hub USB#VID_214B&PID_7250#6&5354a81&0&1#{f18a0e88-c30c-11d0-8815-00a0c906bed8} port 4
00:01:22.858258 USBPROXY Getting USB descriptor (id 0) failed (dwErr=31) on hub USB#ROOT_HUB30#5&c88a0aa&0&0#{f18a0e88-c30c-11d0-8815-00a0c906bed8} port 3
00:01:22.858393 USBPROXY Getting USB descriptor (id 0) failed (dwErr=31) on hub USB#ROOT_HUB30#5&c88a0aa&0&0#{f18a0e88-c30c-11d0-8815-00a0c906bed8} port 4
00:01:22.858661 USBPROXY usbLibGetDevices: Found 6 USB devices, 0 captured
00:03:19.568541 USBPROXY usbLibGetDevices: Starting USB device enumeration
00:03:19.569088 USBPROXY Getting USB descriptor (id 0) failed (dwErr=31) on hub USB#ROOT_HUB30#5&2f8a4307&0&0#{f18a0e88-c30c-11d0-8815-00a0c906bed8} port 4
00:03:19.587329 USBPROXY Getting USB descriptor (id 0) failed (dwErr=31) on hub USB#VID_214B&PID_7250#6&5354a81&0&1#{f18a0e88-c30c-11d0-8815-00a0c906bed8} port 4
00:03:19.591334 USBPROXY Getting USB descriptor (id 0) failed (dwErr=31) on hub USB#ROOT_HUB30#5&c88a0aa&0&0#{f18a0e88-c30c-11d0-8815-00a0c906bed8} port 4
00:03:19.594632 USBPROXY usbLibGetDevices: Found 6 USB devices, 0 captured
00:07:36.784234 USBPROXY usbLibGetDevices: Starting USB device enumeration
00:07:36.784628 USBPROXY Getting USB descriptor (id 0) failed (dwErr=31) on hub USB#ROOT_HUB30#5&2f8a4307&0&0#{f18a0e88-c30c-11d0-8815-00a0c906bed8} port 4
00:07:36.803224 USBPROXY Getting USB descriptor (id 0) failed (dwErr=31) on hub USB#VID_214B&PID_7250#6&5354a81&0&1#{f18a0e88-c30c-11d0-8815-00a0c906bed8} port 4
00:07:36.803520 USBPROXY Getting USB descriptor (id 0) failed (dwErr=31) on hub USB#ROOT_HUB30#5&c88a0aa&0&0#{f18a0e88-c30c-11d0-8815-00a0c906bed8} port 3
00:07:36.803656 USBPROXY Getting USB descriptor (id 0) failed (dwErr=31) on hub USB#ROOT_HUB30#5&c88a0aa&0&0#{f18a0e88-c30c-11d0-8815-00a0c906bed8} port 4
00:07:36.803953 USBPROXY usbLibGetDevices: Found 6 USB devices, 0 captured
00:07:36.804007 USBPROXY USB: Unknown USB device detected (idVendor: 0x0408, idProduct: 0x50c0)
00:18:37.932865 USBPROXY usbLibGetDevices: Starting USB device enumeration
00:18:37.933181 USBPROXY Getting USB descriptor (id 0) failed (dwErr=31) on hub USB#ROOT_HUB30#5&2f8a4307&0&0#{f18a0e88-c30c-11d0-8815-00a0c906bed8} port 4
00:18:37.952759 USBPROXY Getting USB descriptor (id 0) failed (dwErr=31) on hub USB#VID_214B&PID_7250#6&5354a81&0&1#{f18a0e88-c30c-11d0-8815-00a0c906bed8} port 4
00:18:37.952922 USBPROXY Getting USB descriptor (id 0) failed (dwErr=31) on hub USB#ROOT_HUB30#5&c88a0aa&0&0#{f18a0e88-c30c-11d0-8815-00a0c906bed8} port 3
00:18:37.953007 USBPROXY Getting USB descriptor (id 0) failed (dwErr=31) on hub USB#ROOT_HUB30#5&c88a0aa&0&0#{f18a0e88-c30c-11d0-8815-00a0c906bed8} port 4
00:18:37.953214 USBPROXY usbLibGetDevices: Found 6 USB devices, 0 captured
00:18:39.209543 USBPROXY usbLibGetDevices: Starting USB device enumeration
00:18:39.209766 USBPROXY Getting USB descriptor (id 0) failed (dwErr=31) on hub USB#ROOT_HUB30#5&2f8a4307&0&0#{f18a0e88-c30c-11d0-8815-00a0c906bed8} port 4
00:18:39.226909 USBPROXY Getting USB descriptor (id 0) failed (dwErr=31) on hub USB#VID_214B&PID_7250#6&5354a81&0&1#{f18a0e88-c30c-11d0-8815-00a0c906bed8} port 4
00:18:39.227018 USBPROXY Getting USB descriptor (id 0) failed (dwErr=31) on hub USB#ROOT_HUB30#5&c88a0aa&0&0#{f18a0e88-c30c-11d0-8815-00a0c906bed8} port 3
00:18:39.227083 USBPROXY Getting USB descriptor (id 0) failed (dwErr=31) on hub USB#ROOT_HUB30#5&c88a0aa&0&0#{f18a0e88-c30c-11d0-8815-00a0c906bed8} port 4
00:18:39.227240 USBPROXY usbLibGetDevices: Found 6 USB devices, 0 captured
00:18:58.636855 main     WM_QUERYENDSESSION: shutdown (0x00000000)
00:18:58.636888 main     VBoxSvc has active connections: bActivity = false, lock count = 2
00:19:04.235215 main     WM_ENDSESSION: critical (TRUE/0x40000000)
